// Jest Snapshot v1, https://goo.gl/fbAQLP

exports[`Landing renders correctly 1`] = `
<div
  css={
    Object {
      "@media(max-width: 600px)": Object {
        "minHeight": "600px",
      },
      "background": "url(test-file-stub) no-repeat center center",
      "backgroundSize": "cover",
      "width": "100%",
    }
  }
  id=""
>
  <Header
    standaloneVersion={false}
  />
  <_default>
    <section
      css={
        Object {
          "@media(max-width: 820px)": Object {
            "display": "block",
            "textAlign": "center",
          },
          "display": "grid",
          "gridTemplateColumns": "auto 1fr",
        }
      }
    >
      <div
        css={
          Object {
            "@media (max-width: 820px)": Object {
              "paddingTop": "80px",
            },
            "@media (min-width: 821px) and (max-width: 1199px)": Object {
              "paddingRight": "50px",
              "paddingTop": "215px",
            },
            "@media(min-width: 1200px)": Object {
              "paddingRight": "50px",
              "paddingTop": "215px",
            },
          }
        }
      >
        <img
          alt="QHacks Crown"
          css={
            Object {
              "@media(max-width: 820px)": Object {
                "display": "none",
              },
            }
          }
          data-cy="qhacks-crown"
          src="test-file-stub"
          width="170px"
        />
        <img
          alt="QHacks Illustration"
          css={
            Object {
              "@media(min-width: 821px)": Object {
                "display": "none",
              },
              "maxWidth": "350px",
              "width": "75vw",
            }
          }
          src="test-file-stub"
        />
        <br />
        <img
          alt="QHacks Wordmark"
          css={
            Object {
              "@media(max-width: 820px)": Object {
                "paddingBottom": "8px",
                "paddingTop": "12px",
                "width": "192px",
              },
              "maxWidth": "300px",
              "paddingBottom": "18px",
              "paddingTop": "40px",
              "width": "100vw",
            }
          }
          data-cy="qhacks-wordmark"
          src="test-file-stub"
        />
        <h2
          css={
            Object {
              "@media(max-width: 820px)": Object {
                "paddingBottom": "24px",
              },
              "color": "#00205b",
              "fontSize": "22px",
              "fontWeight": 600,
              "paddingBottom": "30px",
            }
          }
          data-cy="qhacks-information"
        >
          Queen’s University • February 1-3, 2019
        </h2>
        <h2
          css={
            Object {
              "@media(max-width: 820px)": Object {
                "fontSize": "15px",
                "lineHeight": "1.6",
                "paddingTop": "20px",
              },
              "color": "#575757",
              "fontWeight": 500,
              "lineHeight": "30px",
              "padding": "20px 0 100px",
            }
          }
          data-cy="qhacks-tagline"
        >
          Queen’s University’s annual hackathon.
          <br />
          Join us for an unforgettable experience!
        </h2>
      </div>
      <div
        css={
          Object {
            "@media(max-width: 820px)": Object {
              "display": "none",
            },
            "alignItems": "center",
            "display": "flex",
            "paddingTop": "84px",
            "position": "relative",
            "textAlign": "right",
          }
        }
      >
        <img
          alt="QHacks Illustration"
          css={
            Object {
              "width": "100%",
            }
          }
          src="test-file-stub"
        />
      </div>
    </section>
  </_default>
</div>
`;
