// Jest Snapshot v1, https://goo.gl/fbAQLP

exports[`EventScheduleFullSizeTable renders correctly 1`] = `
<table
  data-css-1o8yid1=""
>
  <tbody>
    <tr
      css={
        Object {
          "backgroundColor": "#C81C2E",
          "color": "white",
        }
      }
    >
      <th>
        Time
      </th>
      <th>
        Duration
      </th>
      <th>
        Event
      </th>
      <th>
        Location
      </th>
    </tr>
    <tr
      css={
        Object {
          "backgroundColor": "#F6F6F6",
        }
      }
      key="Busses arrive/registration 2019-02-01T17:00:00"
    >
      <td>
        5:00 PM
      </td>
      <td>
        3 hrs
      </td>
      <td>
        <div>
          Busses arrive/registration
        </div>
        <div
          css={
            Object {
              "color": "#4d4d4d",
              "fontSize": "13px",
              "marginTop": "5px",
            }
          }
        />
      </td>
      <td>
        Kingston Hall
      </td>
    </tr>
    <tr
      css={
        Object {
          "backgroundColor": "#F6F6F6",
        }
      }
      key="Dinner - Presented by iGan Partners (Sandwiches) 2019-02-01T17:00:00"
    >
      <td>
        5:00 PM
      </td>
      <td>
        3 hrs
      </td>
      <td>
        <div>
          Dinner - Presented by iGan Partners (Sandwiches)
        </div>
        <div
          css={
            Object {
              "color": "#4d4d4d",
              "fontSize": "13px",
              "marginTop": "5px",
            }
          }
        />
      </td>
      <td>
        Kingston Hall
      </td>
    </tr>
    <tr
      css={
        Object {
          "backgroundColor": "#F6F6F6",
        }
      }
      key="Opening Ceremonies 2019-02-01T20:00:00"
    >
      <td>
        8:00 PM
      </td>
      <td>
        2 hrs
      </td>
      <td>
        <div>
          Opening Ceremonies
        </div>
        <div
          css={
            Object {
              "color": "#4d4d4d",
              "fontSize": "13px",
              "marginTop": "5px",
            }
          }
        />
      </td>
      <td>
        Kingston Hall
      </td>
    </tr>
    <tr
      css={
        Object {
          "backgroundColor": "#F6F6F6",
        }
      }
      key="Team Formation 2019-02-01T22:00:00"
    >
      <td>
        10:00 PM
      </td>
      <td>
        30 mins
      </td>
      <td>
        <div>
          Team Formation
        </div>
        <div
          css={
            Object {
              "color": "#4d4d4d",
              "fontSize": "13px",
              "marginTop": "5px",
            }
          }
        />
      </td>
      <td>
        BioSci Auditorium
      </td>
    </tr>
    <tr
      css={
        Object {
          "backgroundColor": "#F6F6F6",
        }
      }
      key="Hacking Begins 2019-02-01T22:00:00"
    >
      <td>
        10:00 PM
      </td>
      <td>
        36 hrs
      </td>
      <td>
        <div>
          Hacking Begins
        </div>
        <div
          css={
            Object {
              "color": "#4d4d4d",
              "fontSize": "13px",
              "marginTop": "5px",
            }
          }
        />
      </td>
      <td />
    </tr>
    <tr
      css={
        Object {
          "backgroundColor": "#F6F6F6",
        }
      }
      key="Shipping Products Fast: How to Build Fully-Fledged APIs and Services in minutes using StdLib 2019-02-01T23:00:00"
    >
      <td>
        11:00 PM
      </td>
      <td>
        1 hr
      </td>
      <td>
        <div>
          Shipping Products Fast: How to Build Fully-Fledged APIs and Services in minutes using StdLib
        </div>
        <div
          css={
            Object {
              "color": "#4d4d4d",
              "fontSize": "13px",
              "marginTop": "5px",
            }
          }
        />
      </td>
      <td>
        Walter Light Hall - Room 210
      </td>
    </tr>
    <tr
      css={
        Object {
          "backgroundColor": "#F6F6F6",
        }
      }
      key="Midnight Snack (Noodles) - Provided by StdLib 2019-02-02T00:00:00"
    >
      <td>
        12:00 AM
      </td>
      <td>
        1 hr
      </td>
      <td>
        <div>
          Midnight Snack (Noodles) - Provided by StdLib
        </div>
        <div
          css={
            Object {
              "color": "#4d4d4d",
              "fontSize": "13px",
              "marginTop": "5px",
            }
          }
        />
      </td>
      <td>
        Walter Light Hall Atrium
      </td>
    </tr>
    <tr
      css={
        Object {
          "backgroundColor": "#F6F6F6",
        }
      }
      key="Adding Image and Voice Intelligence to Your Apps with Microsoft Cognitive Services 2019-02-02T00:00:00"
    >
      <td>
        12:00 AM
      </td>
      <td>
        1 hr
      </td>
      <td>
        <div>
          Adding Image and Voice Intelligence to Your Apps with Microsoft Cognitive Services
        </div>
        <div
          css={
            Object {
              "color": "#4d4d4d",
              "fontSize": "13px",
              "marginTop": "5px",
            }
          }
        />
      </td>
      <td>
        Goodwin Hall - Room 254
      </td>
    </tr>
    <tr
      css={
        Object {
          "backgroundColor": "#F6F6F6",
        }
      }
      key="Getting Started With Computer Vision Using Clarifai 2019-02-02T00:30:00"
    >
      <td>
        12:30 AM
      </td>
      <td>
        30 mins
      </td>
      <td>
        <div>
          Getting Started With Computer Vision Using Clarifai
        </div>
        <div
          css={
            Object {
              "color": "#4d4d4d",
              "fontSize": "13px",
              "marginTop": "5px",
            }
          }
        />
      </td>
      <td>
        Walter Light Hall - Room 210
      </td>
    </tr>
    <tr
      css={
        Object {
          "backgroundColor": "#F6F6F6",
        }
      }
      key="Hardware Opens 2019-02-02T01:00:00"
    >
      <td>
        1:00 AM
      </td>
      <td>
        1 hr
      </td>
      <td>
        <div>
          Hardware Opens
        </div>
        <div
          css={
            Object {
              "color": "#4d4d4d",
              "fontSize": "13px",
              "marginTop": "5px",
            }
          }
        />
      </td>
      <td>
        ILC Design Bay
      </td>
    </tr>
    <tr
      css={
        Object {
          "backgroundColor": "#F6F6F6",
        }
      }
      key="Slideshow Karaoke 2019-02-02T01:00:00"
    >
      <td>
        1:00 AM
      </td>
      <td>
        1 hr
      </td>
      <td>
        <div>
          Slideshow Karaoke
        </div>
        <div
          css={
            Object {
              "color": "#4d4d4d",
              "fontSize": "13px",
              "marginTop": "5px",
            }
          }
        />
      </td>
      <td>
        Walter Light Hall - Room 210
      </td>
    </tr>
    <tr
      css={
        Object {
          "backgroundColor": "#F6F6F6",
        }
      }
      key="Snack (Bubble Tea) 2019-02-03T00:00:00"
    >
      <td>
        12:00 AM
      </td>
      <td>
        1 hr
      </td>
      <td>
        <div>
          Snack (Bubble Tea)
        </div>
        <div
          css={
            Object {
              "color": "#4d4d4d",
              "fontSize": "13px",
              "marginTop": "5px",
            }
          }
        />
      </td>
      <td>
        Walter Light Hall Auditorium
      </td>
    </tr>
    <tr
      css={
        Object {
          "backgroundColor": "#F6F6F6",
        }
      }
      key="Escape Room 2019-02-03T01:00:00"
    >
      <td>
        1:00 AM
      </td>
      <td>
        1 hr
      </td>
      <td>
        <div>
          Escape Room
        </div>
        <div
          css={
            Object {
              "color": "#4d4d4d",
              "fontSize": "13px",
              "marginTop": "5px",
            }
          }
        />
      </td>
      <td>
        ILC - Room 119
      </td>
    </tr>
    <tr
      css={
        Object {
          "backgroundColor": "#F6F6F6",
        }
      }
      key="Breakfast 2019-02-03T07:30:00"
    >
      <td>
        7:30 AM
      </td>
      <td>
        1 hr
      </td>
      <td>
        <div>
          Breakfast
        </div>
        <div
          css={
            Object {
              "color": "#4d4d4d",
              "fontSize": "13px",
              "marginTop": "5px",
            }
          }
        />
      </td>
      <td>
        ILC - Room 109
      </td>
    </tr>
    <tr
      css={
        Object {
          "backgroundColor": "#F6F6F6",
        }
      }
      key="Hacking Ends 2019-02-03T09:00:00"
    >
      <td>
        9:00 AM
      </td>
      <td>
        1 hr
      </td>
      <td>
        <div>
          Hacking Ends
        </div>
        <div
          css={
            Object {
              "color": "#4d4d4d",
              "fontSize": "13px",
              "marginTop": "5px",
            }
          }
        />
      </td>
      <td />
    </tr>
    <tr
      css={
        Object {
          "backgroundColor": "#F6F6F6",
        }
      }
      key="Closing Ceremonies 2019-02-03T13:00:00"
    >
      <td>
        1:00 PM
      </td>
      <td>
        2 hrs
      </td>
      <td>
        <div>
          Closing Ceremonies
        </div>
        <div
          css={
            Object {
              "color": "#4d4d4d",
              "fontSize": "13px",
              "marginTop": "5px",
            }
          }
        />
      </td>
      <td>
        Kingston Hall
      </td>
    </tr>
  </tbody>
</table>
`;
