// Jest Snapshot v1, https://goo.gl/fbAQLP

exports[`TestimonialList renders correctly 1`] = `
<div
  css={
    Object {
      "alignItems": "center",
      "display": "flex",
      "height": "100%",
      "position": "absolute",
      "right": 0,
      "top": 0,
      "width": "50%",
    }
  }
>
  <div
    css={
      Object {
        "display": "flex",
        "whiteSpace": "nowrap",
      }
    }
  >
    <TransitionGroup
      childFactory={[Function]}
      component={null}
    >
      <CSSTransition
        classNames="testimonialsAnimation"
        key="Justin Perkins DoppelGallery"
        timeout={500}
      >
        <TestimonialCard
          index={0}
          item={
            Object {
              "image": "test-file-stub",
              "name": "Justin Perkins",
              "project": "DoppelGallery",
              "text": "Leverage agile frameworks to provide a robust synopsis for high level overviews. Iterative approaches to corporate strategy foster collaborative thinking to further the overall value proposition. Organically grow the holistic world view of disruptive innovation via workplace diversity and empowerment.",
            }
          }
        />
      </CSSTransition>
      <CSSTransition
        classNames="testimonialsAnimation"
        key="Ross Hill Dolores"
        timeout={500}
      >
        <TestimonialCard
          index={1}
          item={
            Object {
              "image": "test-file-stub",
              "name": "Ross Hill",
              "project": "Dolores",
              "text": "Bring to the table win-win survival strategies to ensure proactive domination. At the end of the day, going forward, a new normal that has evolved from generation X is on the runway heading towards a streamlined cloud solution. User generated content in real-time will have multiple touchpoints for offshoring.",
            }
          }
        />
      </CSSTransition>
      <CSSTransition
        classNames="testimonialsAnimation"
        key="Joey Tepperman Dolores"
        timeout={500}
      >
        <TestimonialCard
          index={2}
          item={
            Object {
              "image": "test-file-stub",
              "name": "Joey Tepperman",
              "project": "Dolores",
              "text": "Capitalize on low hanging fruit to identify a ballpark value added activity to beta test. Override the digital divide with additional clickthroughs from DevOps. Nanotechnology immersion along the information highway will close the loop on focusing solely on the bottom line.",
            }
          }
        />
      </CSSTransition>
    </TransitionGroup>
  </div>
</div>
`;
