// Jest Snapshot v1, https://goo.gl/fbAQLP

exports[`About renders correctly 1`] = `
<section
  id="about"
>
  <BriefSummary />
  <SellingPoints />
</section>
`;
